exports[`creates a todo, does advanced logging takes a snapshot #0`] =
[
  {
    "completed": false,
    "title": "my first todo"
  }
];

exports[`enters 10 todos #0`] = `
[ { "_prevClass": "todo" }, { "_prevClass": "todo" }, { "_prevClass": "todo" },
{ "_prevClass": "todo" }, { "_prevClass": "todo" }, { "_prevClass": "todo" }, {
"_prevClass": "todo" }, { "_prevClass": "todo" }, { "_prevClass": "todo" }, {
"_prevClass": "todo" } ]
`;
